C:\Users\ammuj\Desktop\MedApp\src\main\java\com\MedRef\MedApp\config\WebConfig.java
C:\Users\ammuj\Desktop\MedApp\src\main\java\com\MedRef\MedApp\controller\ExpenseController.java
C:\Users\ammuj\Desktop\MedApp\src\main\java\com\MedRef\MedApp\controller\MedicineController.java
C:\Users\ammuj\Desktop\MedApp\src\main\java\com\MedRef\MedApp\controller\MedicineScheduleController.java
C:\Users\ammuj\Desktop\MedApp\src\main\java\com\MedRef\MedApp\controller\MedicineStockController.java
C:\Users\ammuj\Desktop\MedApp\src\main\java\com\MedRef\MedApp\exception\ResourceNotFoundException.java
C:\Users\ammuj\Desktop\MedApp\src\main\java\com\MedRef\MedApp\MedAppApplication.java
C:\Users\ammuj\Desktop\MedApp\src\main\java\com\MedRef\MedApp\model\Expense.java
C:\Users\ammuj\Desktop\MedApp\src\main\java\com\MedRef\MedApp\model\Medicine.java
C:\Users\ammuj\Desktop\MedApp\src\main\java\com\MedRef\MedApp\model\MedicineSchedule.java
C:\Users\ammuj\Desktop\MedApp\src\main\java\com\MedRef\MedApp\model\MedicineStock.java
C:\Users\ammuj\Desktop\MedApp\src\main\java\com\MedRef\MedApp\repository\ExpenseRepository.java
C:\Users\ammuj\Desktop\MedApp\src\main\java\com\MedRef\MedApp\repository\MedicineRepository.java
C:\Users\ammuj\Desktop\MedApp\src\main\java\com\MedRef\MedApp\repository\MedicineScheduleRepository.java
C:\Users\ammuj\Desktop\MedApp\src\main\java\com\MedRef\MedApp\repository\MedicineStockRepository.java
C:\Users\ammuj\Desktop\MedApp\src\main\java\com\MedRef\MedApp\service\ExpenseService.java
C:\Users\ammuj\Desktop\MedApp\src\main\java\com\MedRef\MedApp\service\MedicineScheduleService.java
C:\Users\ammuj\Desktop\MedApp\src\main\java\com\MedRef\MedApp\service\MedicineService.java
C:\Users\ammuj\Desktop\MedApp\src\main\java\com\MedRef\MedApp\service\MedicineStockService.java
